******************************************************************************
                  MSP430 Linker PC v4.2.1                      
******************************************************************************
>> Linked Tue Sep 16 22:30:38 2014

OUTPUT FILE NAME:   <G2553bootloader.out>
ENTRY POINT SYMBOL: "_c_int00"  address: 0000fe80


MEMORY CONFIGURATION

         name            origin    length      used     unused   attr    fill
----------------------  --------  ---------  --------  --------  ----  --------
  SFR                   00000000   00000010  00000000  00000010  RWIX
  PERIPHERALS_8BIT      00000010   000000f0  00000000  000000f0  RWIX
  PERIPHERALS_16BIT     00000100   00000100  00000000  00000100  RWIX
  RAM                   00000206   000001fa  00000163  00000097  RWIX
  INFOD                 00001000   00000040  00000000  00000040  RWIX
  INFOC                 00001040   00000040  00000000  00000040  RWIX
  INFOB                 00001080   00000040  00000000  00000040  RWIX
  INFOA                 000010c0   00000040  00000000  00000040  RWIX
  FLASH                 0000f800   000007dc  000006ae  0000012e  RWIX
  BOOT_SHARED_CALLBACKS 0000ffdc   00000004  00000000  00000004  RWIX
  INT_VECTOR_TABLE      0000ffe0   0000001e  0000001e  00000000  RWIX
  RESET                 0000fffe   00000002  00000002  00000000  RWIX


SECTION ALLOCATION MAP

 output                                  attributes/
section   page    origin      length       input sections
--------  ----  ----------  ----------   ----------------
.cinit     0    0000f800    00000000     UNINITIALIZED

.bss       0    00000206    00000113     UNINITIALIZED
                  00000206    00000112     (.common:gPacket)
                  00000318    00000001     (.common:previous$1)

.TI.noinit 
*          0    00000206    00000000     UNINITIALIZED

.stack     0    000003b0    00000050     UNINITIALIZED
                  000003b0    00000002     boot.obj (.stack)
                  000003b2    0000004e     --HOLE--

.text      0    0000f800    0000068e     
                  0000f800    0000010e     main.obj (.text:main_boot)
                  0000f90e    000000f6     TI_MSPBoot_CI_NWK_APP_HDLC.obj (.text:CI_CMD_Intepreter)
                  0000fa04    0000009a     TI_MSPBoot_CI_NWK_APP_HDLC.obj (.text:writePacket)
                  0000fa9e    00000082     TI_MSPBoot_CI_NWK_APP_HDLC.obj (.text:verifyPacket)
                  0000fb20    0000007c     TI_MSPBoot_CI_NWK_APP_HDLC.obj (.text:readPacket)
                  0000fb9c    0000004c     main.obj (.text:registerReset)
                  0000fbe8    0000004a     TI_MSPBoot_CI_NWK_APP_HDLC.obj (.text:TI_MSPBoot_CI_Process)
                  0000fc32    0000003c     Crc.obj (.text:crc16MakeBitwise)
                  0000fc6e    00000036     TI_MSPBoot_CI_NWK_APP_HDLC.obj (.text:CI_CMD_Rx_Data_Block)
                  0000fca4    00000036     TI_MSPBoot_MI_Flash.obj (.text:TI_MSPBoot_MI_EraseSector)
                  0000fcda    00000034     TI_MSPBoot_CI_NWK_APP_HDLC.obj (.text:updatePacket)
                  0000fd0e    00000030     TI_MSPBoot_MI_Flash.obj (.text:TI_MSPBoot_MI_WriteByte)
                  0000fd3e    0000002e     TI_MSPBoot_CI_PHYDL_USCI_UART.obj (.text:TI_MSPBoot_CI_PHYDL_Init)
                  0000fd6c    0000001e     TI_MSPBoot_AppMgr.obj (.text:TI_MSPBoot_AppMgr_AppisValid)
                  0000fd8a    0000001c     TI_MSPBoot_AppMgr.obj (.text:TI_MSPBoot_AppMgr_BootisForced)
                  0000fda6    0000001c     TI_MSPBoot_MI_Flash.obj (.text:TI_MSPBoot_MI_EraseApp)
                  0000fdc2    0000001c     TI_MSPBoot_CI_NWK_APP_HDLC.obj (.text:ackPacket)
                  0000fdde    00000018     TI_MSPBoot_AppMgr.obj (.text:TI_MSPBoot_AppMgr_ValidateApp)
                  0000fdf6    00000018     main.obj (.text:clock_init)
                  0000fe0e    00000014     TI_MSPBoot_CI_PHYDL_USCI_UART.obj (.text:TI_MSPBoot_CI_PHYDL_read)
                  0000fe22    00000012     main.obj (.text:HW_init)
                  0000fe34    00000012     TI_MSPBoot_CI_PHYDL_USCI_UART.obj (.text:TI_MSPBoot_CI_PHYDL_write)
                  0000fe46    00000012     TI_MSPBoot_CI_PHYDL_USCI_UART.obj (.text:TI_MSPBoot_CI_PHYDL_writeByte)
                  0000fe58    00000010     TI_MSPBoot_CI_NWK_APP_HDLC.obj (.text:TI_MSPBoot_CI_Init)
                  0000fe68    00000010     rts430_eabi.lib : epilog.obj (.text)
                  0000fe78    00000008     TI_MSPBoot_AppMgr.obj (.text:TI_MSPBoot_AppMgr_JumpToApp)
                  0000fe80    00000008     boot.obj (.text:_c_int00)
                  0000fe88    00000006     TI_MSPBoot_CI_NWK_APP_HDLC.obj (.text:packetReset)

.const     0    0000fe8e    00000020     
                  0000fe8e    00000020     TI_MSPBoot_CI_NWK_APP_HDLC.obj (.const:.string:gErasePassword)

.BOOT_VECTOR_TABLE 
*          0    0000ffe0    0000001e     
                  0000ffe0    0000001e     TI_MSPBoot_VecRed_G2x53.obj (.BOOT_VECTOR_TABLE:retain)

.reset     0    0000fffe    00000002     
                  0000fffe    00000002     boot.obj (.reset)


GLOBAL SYMBOLS: SORTED ALPHABETICALLY BY Name 

address    name
--------   ----
0000004a   ADC10AE0
000001b0   ADC10CTL0
000001b2   ADC10CTL1
00000048   ADC10DTC0
00000049   ADC10DTC1
000001b4   ADC10MEM
000001bc   ADC10SA
00000057   BCSCTL1
00000058   BCSCTL2
00000053   BCSCTL3
00000059   CACTL1
0000005a   CACTL2
000010fb   CALBC1_12MHZ
000010f9   CALBC1_16MHZ
000010ff   CALBC1_1MHZ
000010fd   CALBC1_8MHZ
000010fa   CALDCO_12MHZ
000010f8   CALDCO_16MHZ
000010fe   CALDCO_1MHZ
000010fc   CALDCO_8MHZ
0000005b   CAPD
00000204   CI_Callback_ptr
00000203   CI_State_Machine
00000056   DCOCTL
00000128   FCTL1
0000012a   FCTL2
0000012c   FCTL3
00000000   IE1
00000001   IE2
00000002   IFG1
00000003   IFG2
00000022   P1DIR
00000025   P1IE
00000024   P1IES
00000023   P1IFG
00000020   P1IN
00000021   P1OUT
00000027   P1REN
00000026   P1SEL
00000041   P1SEL2
0000002a   P2DIR
0000002d   P2IE
0000002c   P2IES
0000002b   P2IFG
00000028   P2IN
00000029   P2OUT
0000002f   P2REN
0000002e   P2SEL
00000042   P2SEL2
0000001a   P3DIR
00000018   P3IN
00000019   P3OUT
00000010   P3REN
0000001b   P3SEL
00000043   P3SEL2
00000200   PassWd
00000202   StatCtrl
00000172   TA0CCR0
00000174   TA0CCR1
00000176   TA0CCR2
00000162   TA0CCTL0
00000164   TA0CCTL1
00000166   TA0CCTL2
00000160   TA0CTL
0000012e   TA0IV
00000170   TA0R
00000192   TA1CCR0
00000194   TA1CCR1
00000196   TA1CCR2
00000182   TA1CCTL0
00000184   TA1CCTL1
00000186   TA1CCTL2
00000180   TA1CTL
0000011e   TA1IV
00000190   TA1R
0000fe78   TI_MSPBoot_AppMgr_JumpToApp
0000fdde   TI_MSPBoot_AppMgr_ValidateApp
0000fe58   TI_MSPBoot_CI_Init
0000fd3e   TI_MSPBoot_CI_PHYDL_Init
0000fe0e   TI_MSPBoot_CI_PHYDL_read
0000fe34   TI_MSPBoot_CI_PHYDL_write
0000fe46   TI_MSPBoot_CI_PHYDL_writeByte
0000fbe8   TI_MSPBoot_CI_Process
0000fda6   TI_MSPBoot_MI_EraseApp
0000fca4   TI_MSPBoot_MI_EraseSector
0000fd0e   TI_MSPBoot_MI_WriteByte
0000005d   UCA0ABCTL
00000062   UCA0BR0
00000063   UCA0BR1
00000060   UCA0CTL0
00000061   UCA0CTL1
0000005f   UCA0IRRCTL
0000005e   UCA0IRTCTL
00000064   UCA0MCTL
00000066   UCA0RXBUF
00000065   UCA0STAT
00000067   UCA0TXBUF
0000006a   UCB0BR0
0000006b   UCB0BR1
00000068   UCB0CTL0
00000069   UCB0CTL1
0000006c   UCB0I2CIE
00000118   UCB0I2COA
0000011a   UCB0I2CSA
0000006e   UCB0RXBUF
0000006d   UCB0STAT
0000006f   UCB0TXBUF
0000ffe0   Vector_Table
00000120   WDTCTL
0000c000   _AppChecksum
0000c002   _AppChecksum_8
0000f7ff   _App_End
0000f7ce   _App_Proxy_Vector_Start
0000f7fe   _App_Reset_Vector
0000c004   _App_Start
0000000c   _App_Vectors
000037fc   _CRC_Size
00000206   _NonReserved_RAM_Start
0000fffe   __Boot_Reset
0000ffdc   __Boot_SharedCallbacks
00000004   __Boot_SharedCallbacks_Len
0000f800   __Boot_Start
0000ffe0   __Boot_VectorTable
0000ffff   __Flash_End
0000c000   __Flash_Start
000003ff   __RAM_End
00000200   __RAM_Start
00000400   __STACK_END
00000050   __STACK_SIZE
ffffffff   __binit__
ffffffff   __c_args__
0000fe74   __mspabi_func_epilog_1
0000fe72   __mspabi_func_epilog_2
0000fe70   __mspabi_func_epilog_3
0000fe6e   __mspabi_func_epilog_4
0000fe6c   __mspabi_func_epilog_5
0000fe6a   __mspabi_func_epilog_6
0000fe68   __mspabi_func_epilog_7
0000fe80   _c_int00
0000fffe   _reset_vector
000003b0   _stack
ffffffff   binit
0000fc32   crc16MakeBitwise
0000f800   main_boot


GLOBAL SYMBOLS: SORTED BY Symbol Address 

address    name
--------   ----
00000000   IE1
00000001   IE2
00000002   IFG1
00000003   IFG2
00000004   __Boot_SharedCallbacks_Len
0000000c   _App_Vectors
00000010   P3REN
00000018   P3IN
00000019   P3OUT
0000001a   P3DIR
0000001b   P3SEL
00000020   P1IN
00000021   P1OUT
00000022   P1DIR
00000023   P1IFG
00000024   P1IES
00000025   P1IE
00000026   P1SEL
00000027   P1REN
00000028   P2IN
00000029   P2OUT
0000002a   P2DIR
0000002b   P2IFG
0000002c   P2IES
0000002d   P2IE
0000002e   P2SEL
0000002f   P2REN
00000041   P1SEL2
00000042   P2SEL2
00000043   P3SEL2
00000048   ADC10DTC0
00000049   ADC10DTC1
0000004a   ADC10AE0
00000050   __STACK_SIZE
00000053   BCSCTL3
00000056   DCOCTL
00000057   BCSCTL1
00000058   BCSCTL2
00000059   CACTL1
0000005a   CACTL2
0000005b   CAPD
0000005d   UCA0ABCTL
0000005e   UCA0IRTCTL
0000005f   UCA0IRRCTL
00000060   UCA0CTL0
00000061   UCA0CTL1
00000062   UCA0BR0
00000063   UCA0BR1
00000064   UCA0MCTL
00000065   UCA0STAT
00000066   UCA0RXBUF
00000067   UCA0TXBUF
00000068   UCB0CTL0
00000069   UCB0CTL1
0000006a   UCB0BR0
0000006b   UCB0BR1
0000006c   UCB0I2CIE
0000006d   UCB0STAT
0000006e   UCB0RXBUF
0000006f   UCB0TXBUF
00000118   UCB0I2COA
0000011a   UCB0I2CSA
0000011e   TA1IV
00000120   WDTCTL
00000128   FCTL1
0000012a   FCTL2
0000012c   FCTL3
0000012e   TA0IV
00000160   TA0CTL
00000162   TA0CCTL0
00000164   TA0CCTL1
00000166   TA0CCTL2
00000170   TA0R
00000172   TA0CCR0
00000174   TA0CCR1
00000176   TA0CCR2
00000180   TA1CTL
00000182   TA1CCTL0
00000184   TA1CCTL1
00000186   TA1CCTL2
00000190   TA1R
00000192   TA1CCR0
00000194   TA1CCR1
00000196   TA1CCR2
000001b0   ADC10CTL0
000001b2   ADC10CTL1
000001b4   ADC10MEM
000001bc   ADC10SA
00000200   PassWd
00000200   __RAM_Start
00000202   StatCtrl
00000203   CI_State_Machine
00000204   CI_Callback_ptr
00000206   _NonReserved_RAM_Start
000003b0   _stack
000003ff   __RAM_End
00000400   __STACK_END
000010f8   CALDCO_16MHZ
000010f9   CALBC1_16MHZ
000010fa   CALDCO_12MHZ
000010fb   CALBC1_12MHZ
000010fc   CALDCO_8MHZ
000010fd   CALBC1_8MHZ
000010fe   CALDCO_1MHZ
000010ff   CALBC1_1MHZ
000037fc   _CRC_Size
0000c000   _AppChecksum
0000c000   __Flash_Start
0000c002   _AppChecksum_8
0000c004   _App_Start
0000f7ce   _App_Proxy_Vector_Start
0000f7fe   _App_Reset_Vector
0000f7ff   _App_End
0000f800   __Boot_Start
0000f800   main_boot
0000fbe8   TI_MSPBoot_CI_Process
0000fc32   crc16MakeBitwise
0000fca4   TI_MSPBoot_MI_EraseSector
0000fd0e   TI_MSPBoot_MI_WriteByte
0000fd3e   TI_MSPBoot_CI_PHYDL_Init
0000fda6   TI_MSPBoot_MI_EraseApp
0000fdde   TI_MSPBoot_AppMgr_ValidateApp
0000fe0e   TI_MSPBoot_CI_PHYDL_read
0000fe34   TI_MSPBoot_CI_PHYDL_write
0000fe46   TI_MSPBoot_CI_PHYDL_writeByte
0000fe58   TI_MSPBoot_CI_Init
0000fe68   __mspabi_func_epilog_7
0000fe6a   __mspabi_func_epilog_6
0000fe6c   __mspabi_func_epilog_5
0000fe6e   __mspabi_func_epilog_4
0000fe70   __mspabi_func_epilog_3
0000fe72   __mspabi_func_epilog_2
0000fe74   __mspabi_func_epilog_1
0000fe78   TI_MSPBoot_AppMgr_JumpToApp
0000fe80   _c_int00
0000ffdc   __Boot_SharedCallbacks
0000ffe0   Vector_Table
0000ffe0   __Boot_VectorTable
0000fffe   __Boot_Reset
0000fffe   _reset_vector
0000ffff   __Flash_End
ffffffff   __binit__
ffffffff   __c_args__
ffffffff   binit

[144 symbols]
